-- anyOf
-- first anyOf valid
SELECT is_jsonb_valid_draft_v7('{"anyOf":[{"type":"integer"},{"minimum":2}]}', '1');
 is_jsonb_valid_draft_v7 
-------------------------
 t
(1 row)

-- second anyOf valid
SELECT is_jsonb_valid_draft_v7('{"anyOf":[{"type":"integer"},{"minimum":2}]}', '2.5');
 is_jsonb_valid_draft_v7 
-------------------------
 t
(1 row)

-- both anyOf valid
SELECT is_jsonb_valid_draft_v7('{"anyOf":[{"type":"integer"},{"minimum":2}]}', '3');
 is_jsonb_valid_draft_v7 
-------------------------
 t
(1 row)

-- neither anyOf valid
SELECT is_jsonb_valid_draft_v7('{"anyOf":[{"type":"integer"},{"minimum":2}]}', '1.5');
 is_jsonb_valid_draft_v7 
-------------------------
 f
(1 row)

-- anyOf with base schema
-- mismatch base schema
SELECT is_jsonb_valid_draft_v7('{"type":"string","anyOf":[{"maxLength":2},{"minLength":4}]}', '3');
 is_jsonb_valid_draft_v7 
-------------------------
 f
(1 row)

-- one anyOf valid
SELECT is_jsonb_valid_draft_v7('{"type":"string","anyOf":[{"maxLength":2},{"minLength":4}]}', '"foobar"');
 is_jsonb_valid_draft_v7 
-------------------------
 t
(1 row)

-- both anyOf invalid
SELECT is_jsonb_valid_draft_v7('{"type":"string","anyOf":[{"maxLength":2},{"minLength":4}]}', '"foo"');
 is_jsonb_valid_draft_v7 
-------------------------
 f
(1 row)

-- anyOf with boolean schemas, all true
-- any value is valid
SELECT is_jsonb_valid_draft_v7('{"anyOf":[true,true]}', '"foo"');
 is_jsonb_valid_draft_v7 
-------------------------
 t
(1 row)

-- anyOf with boolean schemas, some true
-- any value is valid
SELECT is_jsonb_valid_draft_v7('{"anyOf":[true,false]}', '"foo"');
 is_jsonb_valid_draft_v7 
-------------------------
 t
(1 row)

-- anyOf with boolean schemas, all false
-- any value is invalid
SELECT is_jsonb_valid_draft_v7('{"anyOf":[false,false]}', '"foo"');
 is_jsonb_valid_draft_v7 
-------------------------
 f
(1 row)

-- anyOf complex types
-- first anyOf valid (complex)
SELECT is_jsonb_valid_draft_v7('{"anyOf":[{"properties":{"bar":{"type":"integer"}},"required":["bar"]},{"properties":{"foo":{"type":"string"}},"required":["foo"]}]}', '{"bar":2}');
 is_jsonb_valid_draft_v7 
-------------------------
 t
(1 row)

-- second anyOf valid (complex)
SELECT is_jsonb_valid_draft_v7('{"anyOf":[{"properties":{"bar":{"type":"integer"}},"required":["bar"]},{"properties":{"foo":{"type":"string"}},"required":["foo"]}]}', '{"foo":"baz"}');
 is_jsonb_valid_draft_v7 
-------------------------
 t
(1 row)

-- both anyOf valid (complex)
SELECT is_jsonb_valid_draft_v7('{"anyOf":[{"properties":{"bar":{"type":"integer"}},"required":["bar"]},{"properties":{"foo":{"type":"string"}},"required":["foo"]}]}', '{"foo":"baz","bar":2}');
 is_jsonb_valid_draft_v7 
-------------------------
 t
(1 row)

-- neither anyOf valid (complex)
SELECT is_jsonb_valid_draft_v7('{"anyOf":[{"properties":{"bar":{"type":"integer"}},"required":["bar"]},{"properties":{"foo":{"type":"string"}},"required":["foo"]}]}', '{"foo":2,"bar":"quux"}');
 is_jsonb_valid_draft_v7 
-------------------------
 f
(1 row)

-- anyOf with one empty schema
-- string is valid
SELECT is_jsonb_valid_draft_v7('{"anyOf":[{"type":"number"},{}]}', '"foo"');
 is_jsonb_valid_draft_v7 
-------------------------
 t
(1 row)

-- number is valid
SELECT is_jsonb_valid_draft_v7('{"anyOf":[{"type":"number"},{}]}', '123');
 is_jsonb_valid_draft_v7 
-------------------------
 t
(1 row)

-- nested anyOf, to check validation semantics
-- null is valid
SELECT is_jsonb_valid_draft_v7('{"anyOf":[{"anyOf":[{"type":"null"}]}]}', 'null');
 is_jsonb_valid_draft_v7 
-------------------------
 t
(1 row)

-- anything non-null is invalid
SELECT is_jsonb_valid_draft_v7('{"anyOf":[{"anyOf":[{"type":"null"}]}]}', '123');
 is_jsonb_valid_draft_v7 
-------------------------
 f
(1 row)

