-- minItems validation
-- longer is valid
SELECT is_jsonb_valid_draft_v7('{"minItems":1}', '[1,2]');
 is_jsonb_valid_draft_v7 
-------------------------
 t
(1 row)

-- exact length is valid
SELECT is_jsonb_valid_draft_v7('{"minItems":1}', '[1]');
 is_jsonb_valid_draft_v7 
-------------------------
 t
(1 row)

-- too short is invalid
SELECT is_jsonb_valid_draft_v7('{"minItems":1}', '[]');
 is_jsonb_valid_draft_v7 
-------------------------
 f
(1 row)

-- ignores non-arrays
SELECT is_jsonb_valid_draft_v7('{"minItems":1}', '""');
 is_jsonb_valid_draft_v7 
-------------------------
 t
(1 row)

-- minItems validation with a decimal
-- longer is valid
SELECT is_jsonb_valid_draft_v7('{"minItems":1}', '[1,2]');
 is_jsonb_valid_draft_v7 
-------------------------
 t
(1 row)

-- too short is invalid
SELECT is_jsonb_valid_draft_v7('{"minItems":1}', '[]');
 is_jsonb_valid_draft_v7 
-------------------------
 f
(1 row)

