-- root pointer ref
-- match
SELECT is_jsonb_valid_draft_v7('{"properties":{"foo":{"$ref":"#"}},"additionalProperties":false}', '{"foo":false}');
 is_jsonb_valid_draft_v7 
-------------------------
 t
(1 row)

-- recursive match
SELECT is_jsonb_valid_draft_v7('{"properties":{"foo":{"$ref":"#"}},"additionalProperties":false}', '{"foo":{"foo":false}}');
 is_jsonb_valid_draft_v7 
-------------------------
 t
(1 row)

-- mismatch
SELECT is_jsonb_valid_draft_v7('{"properties":{"foo":{"$ref":"#"}},"additionalProperties":false}', '{"bar":false}');
 is_jsonb_valid_draft_v7 
-------------------------
 f
(1 row)

-- recursive mismatch
SELECT is_jsonb_valid_draft_v7('{"properties":{"foo":{"$ref":"#"}},"additionalProperties":false}', '{"foo":{"bar":false}}');
 is_jsonb_valid_draft_v7 
-------------------------
 f
(1 row)

-- relative pointer ref to object
-- match
SELECT is_jsonb_valid_draft_v7('{"properties":{"foo":{"type":"integer"},"bar":{"$ref":"#/properties/foo"}}}', '{"bar":3}');
 is_jsonb_valid_draft_v7 
-------------------------
 t
(1 row)

-- mismatch
SELECT is_jsonb_valid_draft_v7('{"properties":{"foo":{"type":"integer"},"bar":{"$ref":"#/properties/foo"}}}', '{"bar":true}');
 is_jsonb_valid_draft_v7 
-------------------------
 f
(1 row)

-- relative pointer ref to array
-- match array
SELECT is_jsonb_valid_draft_v7('{"items":[{"type":"integer"},{"$ref":"#/items/0"}]}', '[1,2]');
 is_jsonb_valid_draft_v7 
-------------------------
 t
(1 row)

-- mismatch array
SELECT is_jsonb_valid_draft_v7('{"items":[{"type":"integer"},{"$ref":"#/items/0"}]}', '[1,"foo"]');
 is_jsonb_valid_draft_v7 
-------------------------
 f
(1 row)

-- nested refs
-- nested ref valid
SELECT is_jsonb_valid_draft_v7('{"definitions":{"a":{"type":"integer"},"b":{"$ref":"#/definitions/a"},"c":{"$ref":"#/definitions/b"}},"allOf":[{"$ref":"#/definitions/c"}]}', '5');
 is_jsonb_valid_draft_v7 
-------------------------
 t
(1 row)

-- nested ref invalid
SELECT is_jsonb_valid_draft_v7('{"definitions":{"a":{"type":"integer"},"b":{"$ref":"#/definitions/a"},"c":{"$ref":"#/definitions/b"}},"allOf":[{"$ref":"#/definitions/c"}]}', '"a"');
 is_jsonb_valid_draft_v7 
-------------------------
 f
(1 row)

-- ref overrides any sibling keywords
-- ref valid
SELECT is_jsonb_valid_draft_v7('{"definitions":{"reffed":{"type":"array"}},"properties":{"foo":{"$ref":"#/definitions/reffed","maxItems":2}}}', '{"foo":[]}');
 is_jsonb_valid_draft_v7 
-------------------------
 t
(1 row)

-- ref valid, maxItems ignored
SELECT is_jsonb_valid_draft_v7('{"definitions":{"reffed":{"type":"array"}},"properties":{"foo":{"$ref":"#/definitions/reffed","maxItems":2}}}', '{"foo":[1,2,3]}');
 is_jsonb_valid_draft_v7 
-------------------------
 t
(1 row)

-- ref invalid
SELECT is_jsonb_valid_draft_v7('{"definitions":{"reffed":{"type":"array"}},"properties":{"foo":{"$ref":"#/definitions/reffed","maxItems":2}}}', '{"foo":"string"}');
 is_jsonb_valid_draft_v7 
-------------------------
 f
(1 row)

-- $ref prevents a sibling $id from changing the base uri
-- property named $ref that is not a reference
-- property named $ref valid
SELECT is_jsonb_valid_draft_v7('{"properties":{"$ref":{"type":"string"}}}', '{"$ref":"a"}');
 is_jsonb_valid_draft_v7 
-------------------------
 t
(1 row)

-- property named $ref invalid
SELECT is_jsonb_valid_draft_v7('{"properties":{"$ref":{"type":"string"}}}', '{"$ref":2}');
 is_jsonb_valid_draft_v7 
-------------------------
 f
(1 row)

-- property named $ref, containing an actual $ref
-- property named $ref valid
SELECT is_jsonb_valid_draft_v7('{"properties":{"$ref":{"$ref":"#/definitions/is-string"}},"definitions":{"is-string":{"type":"string"}}}', '{"$ref":"a"}');
 is_jsonb_valid_draft_v7 
-------------------------
 t
(1 row)

-- property named $ref invalid
SELECT is_jsonb_valid_draft_v7('{"properties":{"$ref":{"$ref":"#/definitions/is-string"}},"definitions":{"is-string":{"type":"string"}}}', '{"$ref":2}');
 is_jsonb_valid_draft_v7 
-------------------------
 f
(1 row)

-- $ref to boolean schema true
-- any value is valid
SELECT is_jsonb_valid_draft_v7('{"allOf":[{"$ref":"#/definitions/bool"}],"definitions":{"bool":true}}', '"foo"');
 is_jsonb_valid_draft_v7 
-------------------------
 t
(1 row)

-- $ref to boolean schema false
-- any value is invalid
SELECT is_jsonb_valid_draft_v7('{"allOf":[{"$ref":"#/definitions/bool"}],"definitions":{"bool":false}}', '"foo"');
 is_jsonb_valid_draft_v7 
-------------------------
 f
(1 row)

-- naive replacement of $ref with its destination is not correct
-- do not evaluate the $ref inside the enum, matching any string
SELECT is_jsonb_valid_draft_v7('{"definitions":{"a_string":{"type":"string"}},"enum":[{"$ref":"#/definitions/a_string"}]}', '"this is a string"');
 is_jsonb_valid_draft_v7 
-------------------------
 f
(1 row)

-- do not evaluate the $ref inside the enum, definition exact match
SELECT is_jsonb_valid_draft_v7('{"definitions":{"a_string":{"type":"string"}},"enum":[{"$ref":"#/definitions/a_string"}]}', '{"type":"string"}');
 is_jsonb_valid_draft_v7 
-------------------------
 f
(1 row)

-- match the enum exactly
SELECT is_jsonb_valid_draft_v7('{"definitions":{"a_string":{"type":"string"}},"enum":[{"$ref":"#/definitions/a_string"}]}', '{"$ref":"#/definitions/a_string"}');
 is_jsonb_valid_draft_v7 
-------------------------
 t
(1 row)

-- simple URN base URI with JSON pointer
-- a string is valid
SELECT is_jsonb_valid_draft_v7('{"$comment":"URIs do not have to have HTTP(s) schemes","$id":"urn:uuid:deadbeef-1234-00ff-ff00-4321feebdaed","properties":{"foo":{"$ref":"#/definitions/bar"}},"definitions":{"bar":{"type":"string"}}}', '{"foo":"bar"}');
 is_jsonb_valid_draft_v7 
-------------------------
 t
(1 row)

-- a non-string is invalid
SELECT is_jsonb_valid_draft_v7('{"$comment":"URIs do not have to have HTTP(s) schemes","$id":"urn:uuid:deadbeef-1234-00ff-ff00-4321feebdaed","properties":{"foo":{"$ref":"#/definitions/bar"}},"definitions":{"bar":{"type":"string"}}}', '{"foo":12}');
 is_jsonb_valid_draft_v7 
-------------------------
 f
(1 row)

-- URN base URI with NSS
-- a string is valid
SELECT is_jsonb_valid_draft_v7('{"$comment":"RFC 8141 §2.2","$id":"urn:example:1/406/47452/2","properties":{"foo":{"$ref":"#/definitions/bar"}},"definitions":{"bar":{"type":"string"}}}', '{"foo":"bar"}');
 is_jsonb_valid_draft_v7 
-------------------------
 t
(1 row)

-- a non-string is invalid
SELECT is_jsonb_valid_draft_v7('{"$comment":"RFC 8141 §2.2","$id":"urn:example:1/406/47452/2","properties":{"foo":{"$ref":"#/definitions/bar"}},"definitions":{"bar":{"type":"string"}}}', '{"foo":12}');
 is_jsonb_valid_draft_v7 
-------------------------
 f
(1 row)

-- URN base URI with r-component
-- a string is valid
SELECT is_jsonb_valid_draft_v7('{"$comment":"RFC 8141 §2.3.1","$id":"urn:example:foo-bar-baz-qux?+CCResolve:cc=uk","properties":{"foo":{"$ref":"#/definitions/bar"}},"definitions":{"bar":{"type":"string"}}}', '{"foo":"bar"}');
 is_jsonb_valid_draft_v7 
-------------------------
 t
(1 row)

-- a non-string is invalid
SELECT is_jsonb_valid_draft_v7('{"$comment":"RFC 8141 §2.3.1","$id":"urn:example:foo-bar-baz-qux?+CCResolve:cc=uk","properties":{"foo":{"$ref":"#/definitions/bar"}},"definitions":{"bar":{"type":"string"}}}', '{"foo":12}');
 is_jsonb_valid_draft_v7 
-------------------------
 f
(1 row)

-- URN base URI with q-component
-- a string is valid
SELECT is_jsonb_valid_draft_v7('{"$comment":"RFC 8141 §2.3.2","$id":"urn:example:weather?=op=map&lat=39.56&lon=-104.85&datetime=1969-07-21T02:56:15Z","properties":{"foo":{"$ref":"#/definitions/bar"}},"definitions":{"bar":{"type":"string"}}}', '{"foo":"bar"}');
 is_jsonb_valid_draft_v7 
-------------------------
 t
(1 row)

-- a non-string is invalid
SELECT is_jsonb_valid_draft_v7('{"$comment":"RFC 8141 §2.3.2","$id":"urn:example:weather?=op=map&lat=39.56&lon=-104.85&datetime=1969-07-21T02:56:15Z","properties":{"foo":{"$ref":"#/definitions/bar"}},"definitions":{"bar":{"type":"string"}}}', '{"foo":12}');
 is_jsonb_valid_draft_v7 
-------------------------
 f
(1 row)

-- $id with file URI still resolves pointers - *nix
-- number is valid
SELECT is_jsonb_valid_draft_v7('{"$id":"file:///folder/file.json","definitions":{"foo":{"type":"number"}},"allOf":[{"$ref":"#/definitions/foo"}]}', '1');
 is_jsonb_valid_draft_v7 
-------------------------
 t
(1 row)

-- non-number is invalid
SELECT is_jsonb_valid_draft_v7('{"$id":"file:///folder/file.json","definitions":{"foo":{"type":"number"}},"allOf":[{"$ref":"#/definitions/foo"}]}', '"a"');
 is_jsonb_valid_draft_v7 
-------------------------
 f
(1 row)

-- $id with file URI still resolves pointers - windows
-- number is valid
SELECT is_jsonb_valid_draft_v7('{"$id":"file:///c:/folder/file.json","definitions":{"foo":{"type":"number"}},"allOf":[{"$ref":"#/definitions/foo"}]}', '1');
 is_jsonb_valid_draft_v7 
-------------------------
 t
(1 row)

-- non-number is invalid
SELECT is_jsonb_valid_draft_v7('{"$id":"file:///c:/folder/file.json","definitions":{"foo":{"type":"number"}},"allOf":[{"$ref":"#/definitions/foo"}]}', '"a"');
 is_jsonb_valid_draft_v7 
-------------------------
 f
(1 row)

-- empty tokens in $ref json-pointer
-- number is valid
SELECT is_jsonb_valid_draft_v7('{"definitions":{"":{"definitions":{"":{"type":"number"}}}},"allOf":[{"$ref":"#/definitions//definitions/"}]}', '1');
 is_jsonb_valid_draft_v7 
-------------------------
 t
(1 row)

-- non-number is invalid
SELECT is_jsonb_valid_draft_v7('{"definitions":{"":{"definitions":{"":{"type":"number"}}}},"allOf":[{"$ref":"#/definitions//definitions/"}]}', '"a"');
 is_jsonb_valid_draft_v7 
-------------------------
 f
(1 row)

